[pascalvangemert.nl/index.html]
[backblue.gif]
[fade.gif]
[index.html]
[pascalvangemert.nl/favicon.ico]
[pascalvangemert.nl/view/images/pascal_van_gemert.png]
[www.paypalobjects.com/en_US/i/btn/btn_donate_SM.gif]
[www.paypalobjects.com/nl_NL/i/scr/pixel.gif]
[pascalvangemert.nl/view/images/project_mals.jpg]
[pascalvangemert.nl/view/images/project_soap.jpg]
[pascalvangemert.nl/view/images/project_oranjebitter.jpg]
[pascalvangemert.nl/view/images/project_oetelspel.jpg]
[ajax.googleapis.com/ajax/libs/jquery/1.10.2/jquery.min.js]
[pascalvangemert.nl/indexf519.html]
[pascalvangemert.nl/view/js/script.js]
[pascalvangemert.nl/view/js/bootstrap.min.js]
[pascalvangemert.nl/index.html]
[pascalvangemert.nl/view/fonts/glyphicons-halflings-regular.eot]
[pascalvangemert.nl/view/fonts/glyphicons-halflings-regulard41d.eot]
[pascalvangemert.nl/view/fonts/glyphicons-halflings-regular.woff]
[pascalvangemert.nl/view/fonts/glyphicons-halflings-regular.ttf]
[pascalvangemert.nl/view/css/bootstrap.min.css]
[pascalvangemert.nl/view/images/sm_icon_sprite.png]
[pascalvangemert.nl/view/images/background.jpg]
[s3.amazonaws.com/onepagelove/one-page-love-award.png]
[pascalvangemert.nl/view/style.css]
[pascalvangemert.nl/indexf519.html]
[pascalvangemert.nl/view/fonts/glyphicons-halflings-regular.svg]
